// Jest Snapshot v1, https://goo.gl/fbAQLP

exports[`renders TimeLine  TimeLine one period 1`] = `
<div
  className="timelineContainer"
  style={
    Object {
      "width": "1000px",
    }
  }
>
  <div>
    <svg
      height={20}
      style={
        Object {
          "backgroundColor": "#E0E0E0",
        }
      }
      width={1000}
    >
      <g>
        <rect
          fill="#FF6666"
          height="10"
          width={75.92307692307692}
          x={0}
          y="5"
        />
        <rect
          fill="#FF6666"
          height="10"
          width={75.92307692307692}
          x={76.92307692307692}
          y="5"
        />
        <rect
          fill="#FF6666"
          height="10"
          width={75.92307692307692}
          x={153.84615384615384}
          y="5"
        />
        <rect
          fill="#FF6666"
          height="10"
          width={75.92307692307692}
          x={230.76923076923077}
          y="5"
        />
        <rect
          fill="#FF6666"
          height="10"
          width={75.92307692307692}
          x={307.6923076923077}
          y="5"
        />
        <rect
          fill="#FF6666"
          height="10"
          width={75.92307692307692}
          x={384.6153846153846}
          y="5"
        />
        <rect
          fill="#FF6666"
          height="10"
          width={75.92307692307692}
          x={461.53846153846155}
          y="5"
        />
        <rect
          fill="#FF6666"
          height="10"
          width={75.92307692307692}
          x={538.4615384615385}
          y="5"
        />
        <rect
          fill="#FF6666"
          height="10"
          width={75.92307692307692}
          x={615.3846153846154}
          y="5"
        />
        <rect
          fill="#FF6666"
          height="10"
          width={75.92307692307692}
          x={692.3076923076923}
          y="5"
        />
        <rect
          fill="#FF6666"
          height="10"
          width={75.92307692307692}
          x={769.2307692307692}
          y="5"
        />
        <rect
          fill="#FF6666"
          height="10"
          width={75.92307692307692}
          x={846.1538461538461}
          y="5"
        />
        <rect
          fill="#FF6666"
          height="10"
          width={75.92307692307692}
          x={923.0769230769231}
          y="5"
        />
      </g>
    </svg>
  </div>
  <div
    style={
      Object {
        "height": 48,
      }
    }
  >
    <span
      className="jobName"
      style={
        Object {
          "position": "absolute",
          "transform": "translateX(76.92307692307692px)",
        }
      }
    >
      Senior
       
      Software Engineer
    </span>
  </div>
</div>
`;
