// Jest Snapshot v1, https://goo.gl/fbAQLP

exports[`renders Period Header 1`] = `
<div
  className="header"
>
  <span
    className="job"
  >
    <span>
      Senior
    </span>
    <span>
      Software Engineer
    </span>
  </span>
  <span
    className="companyName"
  >
    <span>
      test company name
    </span>
  </span>
  <span>
    <span
      className="filled"
    >
      React
    </span>
  </span>
</div>
`;
