// Jest Snapshot v1, https://goo.gl/fbAQLP

exports[`renders Period 1`] = `
Array [
  <div
    className="period"
  >
    <div>
      <div
        className="header"
      >
        <span
          className="job"
        >
          <span>
            Senior
          </span>
          <span>
            Software Engineer
          </span>
        </span>
        <span
          className="companyName"
        >
          <span>
            test company name
            <span />
          </span>
        </span>
        <span>
          <span
            className="filled"
          >
            React
          </span>
        </span>
      </div>
    </div>
    <div
      className="timeline"
    >
      <svg
        height="20"
        style={
          Object {
            "backgroundColor": "",
          }
        }
        width={78}
      >
        <g>
          <rect
            height="10"
            width={5}
            x={0}
            y="5"
          />
          <rect
            height="10"
            width={5}
            x={6}
            y="5"
          />
          <rect
            height="10"
            width={5}
            x={12}
            y="5"
          />
          <rect
            height="10"
            width={5}
            x={18}
            y="5"
          />
          <rect
            height="10"
            width={5}
            x={24}
            y="5"
          />
          <rect
            height="10"
            width={5}
            x={30}
            y="5"
          />
          <rect
            height="10"
            width={5}
            x={36}
            y="5"
          />
          <rect
            height="10"
            width={5}
            x={42}
            y="5"
          />
          <rect
            height="10"
            width={5}
            x={48}
            y="5"
          />
          <rect
            height="10"
            width={5}
            x={54}
            y="5"
          />
          <rect
            height="10"
            width={5}
            x={60}
            y="5"
          />
          <rect
            height="10"
            width={5}
            x={66}
            y="5"
          />
          <rect
            height="10"
            width={5}
            x={72}
            y="5"
          />
        </g>
      </svg>
      <div
        className="times"
      >
        <span>
          Jan, 2012
        </span>
        <span>
          -
        </span>
        <span>
          Jan, 2013
        </span>
      </div>
    </div>
  </div>,
  <div>
    <h5>
      Job summaries:
    </h5>
    <ul />
  </div>,
  <div>
    <h5>
      Achievements:
    </h5>
    <ul
      className="achievements"
    />
  </div>,
]
`;
