// Jest Snapshot v1, https://goo.gl/fbAQLP

exports[`renders App 1`] = `
<div
  className="main"
>
  <header
    className="header"
  >
    <h1>
      Madison
       
      Ma
    </h1>
    <div
      className="basicInfo"
    >
      <div>
        <span
          className="email"
        >
          madison.sss.ma@gmail.com
        </span>
      </div>
      <div>
        <span
          className="cellphone"
        >
          +8618510163161
        </span>
      </div>
    </div>
  </header>
  <div
    className="divider"
  >
    <div
      className="title"
    >
      <div>
        <h3>
          Profile
        </h3>
      </div>
      <div />
    </div>
    <div
      className="section"
    />
  </div>
  <section>
    <div
      className="profile"
    >
      <div
        className="description"
      >
        <div
          className="descriptionItem"
        >
          I have 7 years of working experience in IT with solid technical background, proficient in modern JavaScript/TypeScript programming frameworks, tools, and libraries. 
        </div>
        <div
          className="descriptionItem"
        >
          I Have rich experience in Front-End and Back-End development including Admin Portal and Customer Portal in Online Sale Web
Application, Internet finance Web System, education application, Data Reporting Web Page, etc.
        </div>
        <div
          className="descriptionItem"
        >
          I am both a good team leader and team member. I am a person who is passionate about life, friendly to people, willing to share, and like to work with colleagues to make the world to be a better place.
        </div>
      </div>
      <div
        className="capability"
      />
    </div>
  </section>
  <div
    className="divider"
  >
    <div
      className="title"
    >
      <div>
        <h3>
          skills
        </h3>
      </div>
      <div />
    </div>
    <div
      className="section"
    />
  </div>
  <section>
    <div
      className="skills"
    >
      <div
        className="skill"
      >
        <div>
          <div
            className="important"
          >
            JavaScript
          </div>
          <div
            className="subTitle"
          >
            7
             
            years
          </div>
        </div>
        <div
          className="level"
        >
          <span />
          <span />
          <span />
          <span />
          <span
            className="empty"
          />
          <div
            className="levelName"
          >
            Proficient
          </div>
        </div>
      </div>
      <div
        className="skill"
      >
        <div>
          <div
            className="important"
          >
            React
          </div>
          <div
            className="subTitle"
          >
            5
             
            years
          </div>
        </div>
        <div
          className="level"
        >
          <span />
          <span />
          <span />
          <span />
          <span
            className="empty"
          />
          <div
            className="levelName"
          >
            Proficient
          </div>
        </div>
      </div>
      <div
        className="skill"
      >
        <div>
          <div
            className="important"
          >
            TypeScript
          </div>
          <div
            className="subTitle"
          >
            3
             
            years
          </div>
        </div>
        <div
          className="level"
        >
          <span />
          <span />
          <span />
          <span />
          <span
            className="empty"
          />
          <div
            className="levelName"
          >
            Proficient
          </div>
        </div>
      </div>
      <div
        className="skill"
      >
        <div>
          <div
            className="important"
          >
            React hooks
          </div>
          <div
            className="subTitle"
          >
            3
             
            years
          </div>
        </div>
        <div
          className="level"
        >
          <span />
          <span />
          <span />
          <span />
          <span
            className="empty"
          />
          <div
            className="levelName"
          >
            Proficient
          </div>
        </div>
      </div>
      <div
        className="skill"
      >
        <div>
          <div
            className="important"
          >
            React-Redux
          </div>
          <div
            className="subTitle"
          >
            3
             
            years
          </div>
        </div>
        <div
          className="level"
        >
          <span />
          <span />
          <span />
          <span />
          <span
            className="empty"
          />
          <div
            className="levelName"
          >
            Proficient
          </div>
        </div>
      </div>
      <div
        className="skill"
      >
        <div>
          <div
            className="important"
          >
            HTML
          </div>
          <div
            className="subTitle"
          >
            6
             
            years
          </div>
        </div>
        <div
          className="level"
        >
          <span />
          <span />
          <span />
          <span />
          <span
            className="empty"
          />
          <div
            className="levelName"
          >
            Proficient
          </div>
        </div>
      </div>
      <div
        className="skill"
      >
        <div>
          <div
            className="important"
          >
            CSS
          </div>
          <div
            className="subTitle"
          >
            6
             
            years
          </div>
        </div>
        <div
          className="level"
        >
          <span />
          <span />
          <span />
          <span />
          <span
            className="empty"
          />
          <div
            className="levelName"
          >
            Proficient
          </div>
        </div>
      </div>
      <div
        className="skill"
      >
        <div>
          <div
            className="normal"
          >
            MobX
          </div>
          <div
            className="subTitle"
          >
            1
             
            years
          </div>
        </div>
        <div
          className="level"
        >
          <span />
          <span />
          <span />
          <span />
          <span
            className="empty"
          />
          <div
            className="levelName"
          >
            Proficient
          </div>
        </div>
      </div>
      <div
        className="skill"
      >
        <div>
          <div
            className="normal"
          >
            Electron
          </div>
          <div
            className="subTitle"
          >
            1
             
            years
          </div>
        </div>
        <div
          className="level"
        >
          <span />
          <span />
          <span
            className="empty"
          />
          <span
            className="empty"
          />
          <span
            className="empty"
          />
          <div
            className="levelName"
          >
            Familiar
          </div>
        </div>
      </div>
      <div
        className="skill"
      >
        <div>
          <div
            className="normal"
          >
            Node
          </div>
          <div
            className="subTitle"
          >
            2
             
            years
          </div>
        </div>
        <div
          className="level"
        >
          <span />
          <span />
          <span
            className="empty"
          />
          <span
            className="empty"
          />
          <span
            className="empty"
          />
          <div
            className="levelName"
          >
            Familiar
          </div>
        </div>
      </div>
      <div
        className="skill"
      >
        <div>
          <div
            className="normal"
          >
            Vue
          </div>
          <div
            className="subTitle"
          >
            1.5
             
            years
          </div>
        </div>
        <div
          className="level"
        >
          <span />
          <span />
          <span />
          <span />
          <span
            className="empty"
          />
          <div
            className="levelName"
          >
            Proficient
          </div>
        </div>
      </div>
      <div
        className="skill"
      >
        <div>
          <div
            className="normal"
          >
            Java
          </div>
          <div
            className="subTitle"
          >
            3
             
            years
          </div>
        </div>
        <div
          className="level"
        >
          <span />
          <span />
          <span
            className="empty"
          />
          <span
            className="empty"
          />
          <span
            className="empty"
          />
          <div
            className="levelName"
          >
            Familiar
          </div>
        </div>
      </div>
      <div
        className="skill"
      >
        <div>
          <div
            className="less"
          >
            Docker
          </div>
          <div
            className="subTitle"
          >
            0.5
             
            years
          </div>
        </div>
        <div
          className="level"
        >
          <span />
          <span
            className="empty"
          />
          <span
            className="empty"
          />
          <span
            className="empty"
          />
          <span
            className="empty"
          />
          <div
            className="levelName"
          >
            Understand
          </div>
        </div>
      </div>
      <div
        className="skill"
      >
        <div>
          <div
            className="less"
          >
            C#
          </div>
          <div
            className="subTitle"
          >
            0.5
             
            years
          </div>
        </div>
        <div
          className="level"
        >
          <span />
          <span
            className="empty"
          />
          <span
            className="empty"
          />
          <span
            className="empty"
          />
          <span
            className="empty"
          />
          <div
            className="levelName"
          >
            Understand
          </div>
        </div>
      </div>
      <div
        className="skill"
      >
        <div>
          <div
            className="normal"
          >
            Database
          </div>
          <div
            className="subTitle"
          >
            2
             
            years
          </div>
        </div>
        <div
          className="level"
        >
          <span />
          <span />
          <span
            className="empty"
          />
          <span
            className="empty"
          />
          <span
            className="empty"
          />
          <div
            className="levelName"
          >
            Familiar
          </div>
        </div>
      </div>
      <div
        className="skill"
      >
        <div>
          <div
            className="important"
          >
            Git
          </div>
          <div
            className="subTitle"
          >
            6
             
            years
          </div>
        </div>
        <div
          className="level"
        >
          <span />
          <span />
          <span />
          <span />
          <span
            className="empty"
          />
          <div
            className="levelName"
          >
            Proficient
          </div>
        </div>
      </div>
    </div>
  </section>
  <div
    className="divider"
  >
    <div
      className="title"
    >
      <div>
        <h3>
          Professional Experiences
        </h3>
      </div>
      <div />
    </div>
    <div
      className="section"
    />
  </div>
  <section>
    <div
      className="timelineContainer"
      style={
        Object {
          "width": "980px",
        }
      }
    >
      <div>
        <svg
          height="20"
          style={
            Object {
              "backgroundColor": "E0E0E0",
            }
          }
          width={980}
        >
          <g>
            <rect
              fill="var(--color-red)"
              height="10"
              width={10.136363636363637}
              x={0}
              y="5"
            />
            <rect
              fill="var(--color-red)"
              height="10"
              width={10.136363636363637}
              x={11.136363636363637}
              y="5"
            />
            <rect
              fill="var(--color-red)"
              height="10"
              width={10.136363636363637}
              x={22.272727272727273}
              y="5"
            />
            <rect
              fill="var(--color-red)"
              height="10"
              width={10.136363636363637}
              x={33.40909090909091}
              y="5"
            />
            <rect
              fill="var(--color-red)"
              height="10"
              width={10.136363636363637}
              x={44.54545454545455}
              y="5"
            />
            <rect
              fill="var(--color-red)"
              height="10"
              width={10.136363636363637}
              x={55.68181818181819}
              y="5"
            />
            <rect
              fill="var(--color-red)"
              height="10"
              width={10.136363636363637}
              x={66.81818181818181}
              y="5"
            />
            <rect
              fill="var(--color-red)"
              height="10"
              width={10.136363636363637}
              x={77.95454545454545}
              y="5"
            />
            <rect
              fill="var(--color-red)"
              height="10"
              width={10.136363636363637}
              x={89.0909090909091}
              y="5"
            />
            <rect
              fill="var(--color-red)"
              height="10"
              width={10.136363636363637}
              x={100.22727272727273}
              y="5"
            />
            <rect
              fill="var(--color-red)"
              height="10"
              width={10.136363636363637}
              x={111.36363636363637}
              y="5"
            />
            <rect
              fill="var(--color-red)"
              height="10"
              width={10.136363636363637}
              x={122.5}
              y="5"
            />
            <rect
              fill="var(--color-red)"
              height="10"
              width={10.136363636363637}
              x={133.63636363636363}
              y="5"
            />
            <rect
              fill="var(--color-yellow)"
              height="10"
              width={10.136363636363637}
              x={144.77272727272728}
              y="5"
            />
            <rect
              fill="var(--color-yellow)"
              height="10"
              width={10.136363636363637}
              x={155.9090909090909}
              y="5"
            />
            <rect
              fill="var(--color-yellow)"
              height="10"
              width={10.136363636363637}
              x={167.04545454545456}
              y="5"
            />
            <rect
              fill="var(--color-yellow)"
              height="10"
              width={10.136363636363637}
              x={178.1818181818182}
              y="5"
            />
            <rect
              fill="var(--color-yellow)"
              height="10"
              width={10.136363636363637}
              x={189.3181818181818}
              y="5"
            />
            <rect
              fill="var(--color-yellow)"
              height="10"
              width={10.136363636363637}
              x={200.45454545454547}
              y="5"
            />
            <rect
              fill="var(--color-yellow)"
              height="10"
              width={10.136363636363637}
              x={211.5909090909091}
              y="5"
            />
            <rect
              fill="var(--color-yellow)"
              height="10"
              width={10.136363636363637}
              x={222.72727272727275}
              y="5"
            />
            <rect
              fill="var(--color-yellow)"
              height="10"
              width={10.136363636363637}
              x={233.86363636363637}
              y="5"
            />
            <rect
              fill="var(--color-yellow)"
              height="10"
              width={10.136363636363637}
              x={245}
              y="5"
            />
            <rect
              fill="var(--color-yellow)"
              height="10"
              width={10.136363636363637}
              x={256.1363636363636}
              y="5"
            />
            <rect
              fill="var(--color-yellow)"
              height="10"
              width={10.136363636363637}
              x={267.27272727272725}
              y="5"
            />
            <rect
              fill="var(--color-yellow)"
              height="10"
              width={10.136363636363637}
              x={278.40909090909093}
              y="5"
            />
            <rect
              fill="var(--color-yellow)"
              height="10"
              width={10.136363636363637}
              x={289.54545454545456}
              y="5"
            />
            <rect
              fill="var(--color-yellow)"
              height="10"
              width={10.136363636363637}
              x={300.6818181818182}
              y="5"
            />
            <rect
              fill="var(--color-yellow)"
              height="10"
              width={10.136363636363637}
              x={311.8181818181818}
              y="5"
            />
            <rect
              fill="var(--color-yellow)"
              height="10"
              width={10.136363636363637}
              x={322.95454545454544}
              y="5"
            />
            <rect
              fill="var(--color-yellow)"
              height="10"
              width={10.136363636363637}
              x={334.0909090909091}
              y="5"
            />
            <rect
              fill="var(--color-yellow)"
              height="10"
              width={10.136363636363637}
              x={345.22727272727275}
              y="5"
            />
            <rect
              fill="var(--color-yellow)"
              height="10"
              width={10.136363636363637}
              x={356.3636363636364}
              y="5"
            />
            <rect
              fill="var(--color-dark-yellow)"
              height="10"
              width={10.136363636363637}
              x={367.5}
              y="5"
            />
            <rect
              fill="var(--color-dark-yellow)"
              height="10"
              width={10.136363636363637}
              x={378.6363636363636}
              y="5"
            />
            <rect
              fill="var(--color-dark-yellow)"
              height="10"
              width={10.136363636363637}
              x={389.7727272727273}
              y="5"
            />
            <rect
              fill="var(--color-dark-yellow)"
              height="10"
              width={10.136363636363637}
              x={400.90909090909093}
              y="5"
            />
            <rect
              fill="var(--color-dark-yellow)"
              height="10"
              width={10.136363636363637}
              x={412.04545454545456}
              y="5"
            />
            <rect
              fill="var(--color-dark-yellow)"
              height="10"
              width={10.136363636363637}
              x={423.1818181818182}
              y="5"
            />
            <rect
              fill="var(--color-dark-yellow)"
              height="10"
              width={10.136363636363637}
              x={434.3181818181818}
              y="5"
            />
            <rect
              fill="var(--color-dark-yellow)"
              height="10"
              width={10.136363636363637}
              x={445.4545454545455}
              y="5"
            />
            <rect
              fill="var(--color-dark-yellow)"
              height="10"
              width={10.136363636363637}
              x={456.5909090909091}
              y="5"
            />
            <rect
              fill="var(--color-dark-yellow)"
              height="10"
              width={10.136363636363637}
              x={467.72727272727275}
              y="5"
            />
            <rect
              fill="var(--color-dark-yellow)"
              height="10"
              width={10.136363636363637}
              x={478.8636363636364}
              y="5"
            />
            <rect
              fill="var(--color-dark-yellow)"
              height="10"
              width={10.136363636363637}
              x={490}
              y="5"
            />
            <rect
              fill="var(--color-dark-yellow)"
              height="10"
              width={10.136363636363637}
              x={501.1363636363636}
              y="5"
            />
            <rect
              fill="var(--color-dark-yellow)"
              height="10"
              width={10.136363636363637}
              x={512.2727272727273}
              y="5"
            />
            <rect
              fill="var(--color-dark-yellow)"
              height="10"
              width={10.136363636363637}
              x={523.4090909090909}
              y="5"
            />
            <rect
              fill=""
              height="10"
              width={10.136363636363637}
              x={534.5454545454545}
              y="5"
            />
            <rect
              fill=""
              height="10"
              width={10.136363636363637}
              x={545.6818181818182}
              y="5"
            />
            <rect
              fill="var(--color-dark-red)"
              height="10"
              width={10.136363636363637}
              x={556.8181818181819}
              y="5"
            />
            <rect
              fill="var(--color-dark-red)"
              height="10"
              width={10.136363636363637}
              x={567.9545454545455}
              y="5"
            />
            <rect
              fill="var(--color-dark-red)"
              height="10"
              width={10.136363636363637}
              x={579.0909090909091}
              y="5"
            />
            <rect
              fill="var(--color-dark-red)"
              height="10"
              width={10.136363636363637}
              x={590.2272727272727}
              y="5"
            />
            <rect
              fill="var(--color-dark-red)"
              height="10"
              width={10.136363636363637}
              x={601.3636363636364}
              y="5"
            />
            <rect
              fill="var(--color-dark-red)"
              height="10"
              width={10.136363636363637}
              x={612.5}
              y="5"
            />
            <rect
              fill="var(--color-dark-red)"
              height="10"
              width={10.136363636363637}
              x={623.6363636363636}
              y="5"
            />
            <rect
              fill="var(--color-dark-red)"
              height="10"
              width={10.136363636363637}
              x={634.7727272727273}
              y="5"
            />
            <rect
              fill="var(--color-dark-red)"
              height="10"
              width={10.136363636363637}
              x={645.9090909090909}
              y="5"
            />
            <rect
              fill="var(--color-dark-red)"
              height="10"
              width={10.136363636363637}
              x={657.0454545454546}
              y="5"
            />
            <rect
              fill="var(--color-dark-red)"
              height="10"
              width={10.136363636363637}
              x={668.1818181818182}
              y="5"
            />
            <rect
              fill="var(--color-dark-red)"
              height="10"
              width={10.136363636363637}
              x={679.3181818181819}
              y="5"
            />
            <rect
              fill="var(--color-dark-red)"
              height="10"
              width={10.136363636363637}
              x={690.4545454545455}
              y="5"
            />
            <rect
              fill="var(--color-dark-red)"
              height="10"
              width={10.136363636363637}
              x={701.5909090909091}
              y="5"
            />
            <rect
              fill="var(--color-dark-red)"
              height="10"
              width={10.136363636363637}
              x={712.7272727272727}
              y="5"
            />
            <rect
              fill="var(--color-dark-red)"
              height="10"
              width={10.136363636363637}
              x={723.8636363636364}
              y="5"
            />
            <rect
              fill="var(--color-dark-red)"
              height="10"
              width={10.136363636363637}
              x={735}
              y="5"
            />
            <rect
              fill="var(--color-dark-red)"
              height="10"
              width={10.136363636363637}
              x={746.1363636363636}
              y="5"
            />
            <rect
              fill="var(--color-dark-red)"
              height="10"
              width={10.136363636363637}
              x={757.2727272727273}
              y="5"
            />
            <rect
              fill="var(--color-dark-red)"
              height="10"
              width={10.136363636363637}
              x={768.4090909090909}
              y="5"
            />
            <rect
              fill="var(--color-dark-red)"
              height="10"
              width={10.136363636363637}
              x={779.5454545454546}
              y="5"
            />
            <rect
              fill="var(--color-dark-red)"
              height="10"
              width={10.136363636363637}
              x={790.6818181818182}
              y="5"
            />
            <rect
              fill="var(--color-dark-red)"
              height="10"
              width={10.136363636363637}
              x={801.8181818181819}
              y="5"
            />
            <rect
              fill="var(--color-dark-red)"
              height="10"
              width={10.136363636363637}
              x={812.9545454545455}
              y="5"
            />
            <rect
              fill="var(--color-dark-red)"
              height="10"
              width={10.136363636363637}
              x={824.0909090909091}
              y="5"
            />
            <rect
              fill="var(--color-dark-red)"
              height="10"
              width={10.136363636363637}
              x={835.2272727272727}
              y="5"
            />
            <rect
              fill="var(--color-dark-red)"
              height="10"
              width={10.136363636363637}
              x={846.3636363636364}
              y="5"
            />
            <rect
              fill="var(--color-dark-red)"
              height="10"
              width={10.136363636363637}
              x={857.5}
              y="5"
            />
            <rect
              fill="var(--color-dark-red)"
              height="10"
              width={10.136363636363637}
              x={868.6363636363636}
              y="5"
            />
            <rect
              fill="var(--color-dark-red)"
              height="10"
              width={10.136363636363637}
              x={879.7727272727273}
              y="5"
            />
            <rect
              fill="var(--color-dark-red)"
              height="10"
              width={10.136363636363637}
              x={890.909090909091}
              y="5"
            />
            <rect
              fill="var(--color-dark-red)"
              height="10"
              width={10.136363636363637}
              x={902.0454545454546}
              y="5"
            />
            <rect
              fill="var(--color-dark-red)"
              height="10"
              width={10.136363636363637}
              x={913.1818181818182}
              y="5"
            />
            <rect
              fill="var(--color-green)"
              height="10"
              width={10.136363636363637}
              x={924.3181818181819}
              y="5"
            />
            <rect
              fill="var(--color-green)"
              height="10"
              width={10.136363636363637}
              x={935.4545454545455}
              y="5"
            />
            <rect
              fill="var(--color-green)"
              height="10"
              width={10.136363636363637}
              x={946.5909090909091}
              y="5"
            />
            <rect
              fill="var(--color-green)"
              height="10"
              width={10.136363636363637}
              x={957.7272727272727}
              y="5"
            />
            <rect
              fill="var(--color-green)"
              height="10"
              width={10.136363636363637}
              x={968.8636363636364}
              y="5"
            />
          </g>
        </svg>
      </div>
      <div
        style={
          Object {
            "height": 48,
          }
        }
      >
        <span
          className="jobName"
          style={
            Object {
              "position": "absolute",
              "transform": "translateX(11.136363636363637px)",
            }
          }
        >
          Junior
           
          Software Engineer
        </span>
        <span
          className="jobName"
          style={
            Object {
              "position": "absolute",
              "transform": "translateX(144.77272727272728px)",
            }
          }
        >
           
          Software Engineer
        </span>
        <span
          className="jobName"
          style={
            Object {
              "position": "absolute",
              "transform": "translateX(378.6363636363636px)",
            }
          }
        >
           
          Front-End Engineer
        </span>
        <span
          className="jobName"
          style={
            Object {
              "position": "absolute",
              "transform": "translateX(567.9545454545455px)",
            }
          }
        >
          Senior
           
          Front-End Engineer
        </span>
        <span
          className="jobName"
          style={
            Object {
              "position": "absolute",
              "transform": "translateX(924.3181818181819px)",
            }
          }
        >
          Senior
           
          Software Engineer
        </span>
      </div>
    </div>
  </section>
  <section>
    <div
      className="periodContainer"
    >
      <div
        className="period"
      >
        <div>
          <div
            className="header"
          >
            <span
              className="job"
            >
              <span>
                Senior
              </span>
              <span>
                Software Engineer
              </span>
            </span>
            <span
              className="companyName"
            >
              <span>
                Tesla
                0
              </span>
            </span>
            <span>
              <span
                className="filled"
              >
                React
              </span>
              <span
                className="filled"
              >
                Agile
              </span>
            </span>
          </div>
        </div>
        <div
          className="timeline"
        >
          <svg
            height="20"
            style={
              Object {
                "backgroundColor": "",
              }
            }
            width={36}
          >
            <g>
              <rect
                fill="var(--color-green)"
                height="10"
                width={5}
                x={0}
                y="5"
              />
              <rect
                fill="var(--color-green)"
                height="10"
                width={5}
                x={6}
                y="5"
              />
              <rect
                fill="var(--color-green)"
                height="10"
                width={5}
                x={12}
                y="5"
              />
              <rect
                fill="var(--color-green)"
                height="10"
                width={5}
                x={18}
                y="5"
              />
              <rect
                fill="var(--color-green)"
                height="10"
                width={5}
                x={24}
                y="5"
              />
              <rect
                fill="var(--color-green)"
                height="10"
                width={5}
                x={30}
                y="5"
              />
            </g>
          </svg>
          <div
            className="times"
          >
            <span>
              May, 2022
            </span>
            <span>
              -
            </span>
            <span>
              Present
            </span>
          </div>
        </div>
      </div>
      <div>
        <h5>
          Job summaries
          :
        </h5>
        <ul>
          <li>
            make the architecture design in Front-End project
          </li>
          <li>
            improve the code quality and performance in FE
          </li>
          <li>
            improve the FE team efficiency
          </li>
          <li>
            communicate with product manager and UI designer to understand project requirements every 2 week (one sprint),
          </li>
          <li>
            provide training and guidance on technical
          </li>
        </ul>
      </div>
      <div>
        <h5>
          Achievements
          :
        </h5>
        <ul
          className="achievements"
        >
          <li>
            completed the design and development of common utils and Hooks in React project
            <span>
              <span
                className="normal"
              >
                Engineering
              </span>
            </span>
          </li>
          <li>
            optimized the front-end code
            <span>
              <span
                className="normal"
              >
                Performance
              </span>
            </span>
          </li>
          <li>
            improve the code quality
            <span>
              <span
                className="normal"
              >
                Quality
              </span>
            </span>
          </li>
        </ul>
      </div>
    </div>
    <div
      className="periodContainer"
    >
      <div
        className="period"
      >
        <div>
          <div
            className="header"
          >
            <span
              className="job"
            >
              <span>
                Senior
              </span>
              <span>
                Front-End Engineer
              </span>
            </span>
            <span
              className="companyName"
            >
              <span>
                PCCW GLOBAL
                0
              </span>
            </span>
            <span>
              <span
                className="filled"
              >
                React
              </span>
              <span
                className="filled"
              >
                NextJs
              </span>
              <span
                className="filled"
              >
                umi
              </span>
              <span
                className="filled"
              >
                TDD
              </span>
              <span
                className="filled"
              >
                Agile
              </span>
            </span>
          </div>
        </div>
        <div
          className="timeline"
        >
          <svg
            height="20"
            style={
              Object {
                "backgroundColor": "",
              }
            }
            width={198}
          >
            <g>
              <rect
                fill="var(--color-dark-red)"
                height="10"
                width={5}
                x={0}
                y="5"
              />
              <rect
                fill="var(--color-dark-red)"
                height="10"
                width={5}
                x={6}
                y="5"
              />
              <rect
                fill="var(--color-dark-red)"
                height="10"
                width={5}
                x={12}
                y="5"
              />
              <rect
                fill="var(--color-dark-red)"
                height="10"
                width={5}
                x={18}
                y="5"
              />
              <rect
                fill="var(--color-dark-red)"
                height="10"
                width={5}
                x={24}
                y="5"
              />
              <rect
                fill="var(--color-dark-red)"
                height="10"
                width={5}
                x={30}
                y="5"
              />
              <rect
                fill="var(--color-dark-red)"
                height="10"
                width={5}
                x={36}
                y="5"
              />
              <rect
                fill="var(--color-dark-red)"
                height="10"
                width={5}
                x={42}
                y="5"
              />
              <rect
                fill="var(--color-dark-red)"
                height="10"
                width={5}
                x={48}
                y="5"
              />
              <rect
                fill="var(--color-dark-red)"
                height="10"
                width={5}
                x={54}
                y="5"
              />
              <rect
                fill="var(--color-dark-red)"
                height="10"
                width={5}
                x={60}
                y="5"
              />
              <rect
                fill="var(--color-dark-red)"
                height="10"
                width={5}
                x={66}
                y="5"
              />
              <rect
                fill="var(--color-dark-red)"
                height="10"
                width={5}
                x={72}
                y="5"
              />
              <rect
                fill="var(--color-dark-red)"
                height="10"
                width={5}
                x={78}
                y="5"
              />
              <rect
                fill="var(--color-dark-red)"
                height="10"
                width={5}
                x={84}
                y="5"
              />
              <rect
                fill="var(--color-dark-red)"
                height="10"
                width={5}
                x={90}
                y="5"
              />
              <rect
                fill="var(--color-dark-red)"
                height="10"
                width={5}
                x={96}
                y="5"
              />
              <rect
                fill="var(--color-dark-red)"
                height="10"
                width={5}
                x={102}
                y="5"
              />
              <rect
                fill="var(--color-dark-red)"
                height="10"
                width={5}
                x={108}
                y="5"
              />
              <rect
                fill="var(--color-dark-red)"
                height="10"
                width={5}
                x={114}
                y="5"
              />
              <rect
                fill="var(--color-dark-red)"
                height="10"
                width={5}
                x={120}
                y="5"
              />
              <rect
                fill="var(--color-dark-red)"
                height="10"
                width={5}
                x={126}
                y="5"
              />
              <rect
                fill="var(--color-dark-red)"
                height="10"
                width={5}
                x={132}
                y="5"
              />
              <rect
                fill="var(--color-dark-red)"
                height="10"
                width={5}
                x={138}
                y="5"
              />
              <rect
                fill="var(--color-dark-red)"
                height="10"
                width={5}
                x={144}
                y="5"
              />
              <rect
                fill="var(--color-dark-red)"
                height="10"
                width={5}
                x={150}
                y="5"
              />
              <rect
                fill="var(--color-dark-red)"
                height="10"
                width={5}
                x={156}
                y="5"
              />
              <rect
                fill="var(--color-dark-red)"
                height="10"
                width={5}
                x={162}
                y="5"
              />
              <rect
                fill="var(--color-dark-red)"
                height="10"
                width={5}
                x={168}
                y="5"
              />
              <rect
                fill="var(--color-dark-red)"
                height="10"
                width={5}
                x={174}
                y="5"
              />
              <rect
                fill="var(--color-dark-red)"
                height="10"
                width={5}
                x={180}
                y="5"
              />
              <rect
                fill="var(--color-dark-red)"
                height="10"
                width={5}
                x={186}
                y="5"
              />
              <rect
                fill="var(--color-dark-red)"
                height="10"
                width={5}
                x={192}
                y="5"
              />
            </g>
          </svg>
          <div
            className="times"
          >
            <span>
              Sep, 2019
            </span>
            <span>
              -
            </span>
            <span>
              May, 2022
            </span>
          </div>
        </div>
      </div>
      <div>
        <h5>
          Job summaries
          :
        </h5>
        <ul>
          <li>
            make the architecture design in Front-End project
          </li>
          <li>
            communicate with product manager and UI designer to understand project requirements every week (one sprint),
          </li>
          <li>
            conduct functional research and validation based on business requirements, evaluate requirements implementation feasibility and propose solutions.
          </li>
          <li>
            responsible for task assignment and project requirement explanation to 5 external team members
          </li>
          <li>
            provide training and guidance on technical to junior engineer
          </li>
        </ul>
      </div>
      <div>
        <h5>
          Achievements
          :
        </h5>
        <ul
          className="achievements"
        >
          <li>
            design and developed our company's front-end UI component library
            <span>
              <span
                className="normal"
              >
                UI
              </span>
            </span>
          </li>
          <li>
            setup the Front-End CI/CD with system Engineers, including the Docker building and the jest process
            <span>
              <span
                className="normal"
              >
                CI/CD
              </span>
              <span
                className="normal"
              >
                Engineering
              </span>
            </span>
          </li>
          <li>
            setup the utils library in FE
            <span>
              <span
                className="normal"
              >
                Engineering
              </span>
            </span>
          </li>
          <li>
            using Micro Front-End Service to split code and improve the performance in FE
            <span>
              <span
                className="normal"
              >
                Performance
              </span>
              <span
                className="normal"
              >
                Engineering
              </span>
            </span>
          </li>
          <li>
            define the Best practices in FE project with React and Typescript.
            <span>
              <span
                className="normal"
              >
                Architecture
              </span>
            </span>
          </li>
        </ul>
      </div>
    </div>
    <div
      className="periodContainer"
    >
      <div
        className="period"
      >
        <div>
          <div
            className="header"
          >
            <span
              className="job"
            >
              <span>
                Front-End Engineer
              </span>
            </span>
            <span
              className="companyName"
            >
              <span>
                Citic Baixin Bank Co. Ltd
                0
              </span>
            </span>
            <span>
              <span
                className="filled"
              >
                Vue
              </span>
              <span
                className="filled"
              >
                React
              </span>
              <span
                className="filled"
              >
                Waterfall
              </span>
            </span>
          </div>
        </div>
        <div
          className="timeline"
        >
          <svg
            height="20"
            style={
              Object {
                "backgroundColor": "",
              }
            }
            width={90}
          >
            <g>
              <rect
                fill="var(--color-dark-yellow)"
                height="10"
                width={5}
                x={0}
                y="5"
              />
              <rect
                fill="var(--color-dark-yellow)"
                height="10"
                width={5}
                x={6}
                y="5"
              />
              <rect
                fill="var(--color-dark-yellow)"
                height="10"
                width={5}
                x={12}
                y="5"
              />
              <rect
                fill="var(--color-dark-yellow)"
                height="10"
                width={5}
                x={18}
                y="5"
              />
              <rect
                fill="var(--color-dark-yellow)"
                height="10"
                width={5}
                x={24}
                y="5"
              />
              <rect
                fill="var(--color-dark-yellow)"
                height="10"
                width={5}
                x={30}
                y="5"
              />
              <rect
                fill="var(--color-dark-yellow)"
                height="10"
                width={5}
                x={36}
                y="5"
              />
              <rect
                fill="var(--color-dark-yellow)"
                height="10"
                width={5}
                x={42}
                y="5"
              />
              <rect
                fill="var(--color-dark-yellow)"
                height="10"
                width={5}
                x={48}
                y="5"
              />
              <rect
                fill="var(--color-dark-yellow)"
                height="10"
                width={5}
                x={54}
                y="5"
              />
              <rect
                fill="var(--color-dark-yellow)"
                height="10"
                width={5}
                x={60}
                y="5"
              />
              <rect
                fill="var(--color-dark-yellow)"
                height="10"
                width={5}
                x={66}
                y="5"
              />
              <rect
                fill="var(--color-dark-yellow)"
                height="10"
                width={5}
                x={72}
                y="5"
              />
              <rect
                fill="var(--color-dark-yellow)"
                height="10"
                width={5}
                x={78}
                y="5"
              />
              <rect
                fill="var(--color-dark-yellow)"
                height="10"
                width={5}
                x={84}
                y="5"
              />
            </g>
          </svg>
          <div
            className="times"
          >
            <span>
              Apr, 2018
            </span>
            <span>
              -
            </span>
            <span>
              Jun, 2019
            </span>
          </div>
        </div>
      </div>
      <div>
        <h5>
          Job summaries
          :
        </h5>
        <ul>
          <li>
            communicate with product manager and UI designer partner through meeting to understand project requirements
          </li>
          <li>
            responsible for task assignment and project requirement explanation to 5 team members
          </li>
          <li>
            provide training and guidance on technical to junior engineer
          </li>
        </ul>
      </div>
      <div>
        <h5>
          Achievements
          :
        </h5>
        <ul
          className="achievements"
        >
          <li>
            completed the design and development of company's front-end UI component library
            <span>
              <span
                className="normal"
              >
                UI
              </span>
            </span>
          </li>
        </ul>
      </div>
    </div>
    <div
      className="periodContainer"
    >
      <div
        className="period"
      >
        <div>
          <div
            className="header"
          >
            <span
              className="job"
            >
              <span>
                Software Engineer
              </span>
            </span>
            <span
              className="companyName"
            >
              <span>
                Yinyuan Asia-pacific Technology Co. Ltd 
                <span>
                  <span
                    className="less"
                  >
                    Startup
                  </span>
                </span>
              </span>
            </span>
            <span>
              <span
                className="filled"
              >
                Java
              </span>
              <span
                className="filled"
              >
                jQuery
              </span>
              <span
                className="filled"
              >
                React
              </span>
              <span
                className="filled"
              >
                Waterfall
              </span>
            </span>
          </div>
        </div>
        <div
          className="timeline"
        >
          <svg
            height="20"
            style={
              Object {
                "backgroundColor": "",
              }
            }
            width={126}
          >
            <g>
              <rect
                fill="var(--color-yellow)"
                height="10"
                width={5}
                x={0}
                y="5"
              />
              <rect
                fill="var(--color-yellow)"
                height="10"
                width={5}
                x={6}
                y="5"
              />
              <rect
                fill="var(--color-yellow)"
                height="10"
                width={5}
                x={12}
                y="5"
              />
              <rect
                fill="var(--color-yellow)"
                height="10"
                width={5}
                x={18}
                y="5"
              />
              <rect
                fill="var(--color-yellow)"
                height="10"
                width={5}
                x={24}
                y="5"
              />
              <rect
                fill="var(--color-yellow)"
                height="10"
                width={5}
                x={30}
                y="5"
              />
              <rect
                fill="var(--color-yellow)"
                height="10"
                width={5}
                x={36}
                y="5"
              />
              <rect
                fill="var(--color-yellow)"
                height="10"
                width={5}
                x={42}
                y="5"
              />
              <rect
                fill="var(--color-yellow)"
                height="10"
                width={5}
                x={48}
                y="5"
              />
              <rect
                fill="var(--color-yellow)"
                height="10"
                width={5}
                x={54}
                y="5"
              />
              <rect
                fill="var(--color-yellow)"
                height="10"
                width={5}
                x={60}
                y="5"
              />
              <rect
                fill="var(--color-yellow)"
                height="10"
                width={5}
                x={66}
                y="5"
              />
              <rect
                fill="var(--color-yellow)"
                height="10"
                width={5}
                x={72}
                y="5"
              />
              <rect
                fill="var(--color-yellow)"
                height="10"
                width={5}
                x={78}
                y="5"
              />
              <rect
                fill="var(--color-yellow)"
                height="10"
                width={5}
                x={84}
                y="5"
              />
              <rect
                fill="var(--color-yellow)"
                height="10"
                width={5}
                x={90}
                y="5"
              />
              <rect
                fill="var(--color-yellow)"
                height="10"
                width={5}
                x={96}
                y="5"
              />
              <rect
                fill="var(--color-yellow)"
                height="10"
                width={5}
                x={102}
                y="5"
              />
              <rect
                fill="var(--color-yellow)"
                height="10"
                width={5}
                x={108}
                y="5"
              />
              <rect
                fill="var(--color-yellow)"
                height="10"
                width={5}
                x={114}
                y="5"
              />
              <rect
                fill="var(--color-yellow)"
                height="10"
                width={5}
                x={120}
                y="5"
              />
            </g>
          </svg>
          <div
            className="times"
          >
            <span>
              Jul, 2016
            </span>
            <span>
              -
            </span>
            <span>
              Mar, 2018
            </span>
          </div>
        </div>
      </div>
      <div>
        <h5>
          Job summaries
          :
        </h5>
        <ul>
          <li>
            participate in the design and development of all projects 
          </li>
          <li>
            responsible for the release quality of all system. 
          </li>
          <li>
            responsible for team's recruitment, technical training(ES6), etc. 
          </li>
          <li>
            take charge of annual feature planning and appraise performance of each team member.
          </li>
        </ul>
      </div>
      <div>
        <h5>
          Achievements
          :
        </h5>
        <ul
          className="achievements"
        >
          <li>
            completed the design and development of the company's front-end UI component library
            <span>
              <span
                className="normal"
              >
                UI
              </span>
            </span>
          </li>
          <li>
            'implemented the rendering of list components and displaying data  in both horizontal and vertical
            <span>
              <span
                className="normal"
              >
                UI
              </span>
            </span>
          </li>
        </ul>
      </div>
    </div>
    <div
      className="periodContainer"
    >
      <div
        className="period"
      >
        <div>
          <div
            className="header"
          >
            <span
              className="job"
            >
              <span>
                Junior
              </span>
              <span>
                Software Engineer
              </span>
            </span>
            <span
              className="companyName"
            >
              <span>
                Taiji Computer Corporation. Ltd
                0
              </span>
            </span>
            <span>
              <span
                className="filled"
              >
                Java
              </span>
              <span
                className="filled"
              >
                jQuery
              </span>
              <span
                className="filled"
              >
                Waterfall
              </span>
            </span>
          </div>
        </div>
        <div
          className="timeline"
        >
          <svg
            height="20"
            style={
              Object {
                "backgroundColor": "",
              }
            }
            width={78}
          >
            <g>
              <rect
                fill="var(--color-red)"
                height="10"
                width={5}
                x={0}
                y="5"
              />
              <rect
                fill="var(--color-red)"
                height="10"
                width={5}
                x={6}
                y="5"
              />
              <rect
                fill="var(--color-red)"
                height="10"
                width={5}
                x={12}
                y="5"
              />
              <rect
                fill="var(--color-red)"
                height="10"
                width={5}
                x={18}
                y="5"
              />
              <rect
                fill="var(--color-red)"
                height="10"
                width={5}
                x={24}
                y="5"
              />
              <rect
                fill="var(--color-red)"
                height="10"
                width={5}
                x={30}
                y="5"
              />
              <rect
                fill="var(--color-red)"
                height="10"
                width={5}
                x={36}
                y="5"
              />
              <rect
                fill="var(--color-red)"
                height="10"
                width={5}
                x={42}
                y="5"
              />
              <rect
                fill="var(--color-red)"
                height="10"
                width={5}
                x={48}
                y="5"
              />
              <rect
                fill="var(--color-red)"
                height="10"
                width={5}
                x={54}
                y="5"
              />
              <rect
                fill="var(--color-red)"
                height="10"
                width={5}
                x={60}
                y="5"
              />
              <rect
                fill="var(--color-red)"
                height="10"
                width={5}
                x={66}
                y="5"
              />
              <rect
                fill="var(--color-red)"
                height="10"
                width={5}
                x={72}
                y="5"
              />
            </g>
          </svg>
          <div
            className="times"
          >
            <span>
              Jul, 2015
            </span>
            <span>
              -
            </span>
            <span>
              Jul, 2016
            </span>
          </div>
        </div>
      </div>
      <div>
        <h5>
          Job summaries
          :
        </h5>
        <ul>
          <li>
            use Java to develop system on schedule
          </li>
          <li>
            participate in the design and development of one economic-data-report project.
          </li>
        </ul>
      </div>
      <div>
        <h5>
          Achievements
          :
        </h5>
        <ul
          className="achievements"
        >
          <li>
            abstract 10+ components to unify UI style of most company projects, including table, form input, file upload, etc
            <span>
              <span
                className="normal"
              >
                UI
              </span>
            </span>
          </li>
        </ul>
      </div>
    </div>
  </section>
  <div
    className="divider"
  >
    <div
      className="title"
    >
      <div>
        <h3>
          Education Experiences
        </h3>
      </div>
      <div />
    </div>
    <div
      className="section"
    />
  </div>
  <section>
    <div
      className="education"
    >
      <div>
        <span>
          China Agricultural University
        </span>
      </div>
      <div>
        <span>
          Resources and Environment
        </span>
        <span
          className="major"
        >
          (
          Bachelor
          )
        </span>
      </div>
      <div
        className="times"
      >
        <span>
          Sep, 2008
        </span>
        <span>
          -
        </span>
        <span>
          Jul, 2012
        </span>
      </div>
    </div>
    <div
      className="education"
    >
      <div>
        <span>
          China Agricultural University
        </span>
      </div>
      <div>
        <span>
          Geographical Information System
        </span>
        <span
          className="major"
        >
          (
          Master
          )
        </span>
      </div>
      <div
        className="times"
      >
        <span>
          Sep, 2012
        </span>
        <span>
          -
        </span>
        <span>
          Jul, 2015
        </span>
      </div>
    </div>
  </section>
</div>
`;
