// Jest Snapshot v1, https://goo.gl/fbAQLP

exports[`renders App 1`] = `
<div
  className="main"
>
  <header
    className="header"
  >
    <h1>
      Madison(Zusheng)
       
      Ma
    </h1>
    <div
      className="basicInfo"
    >
      <div
        className="basicInfoItem"
      >
        <div>
          Email:
        </div>
        <div>
          madison.sss.ma@gmail.com
        </div>
      </div>
      <div
        className="basicInfoItem"
      >
        <div>
          Cellphone:
        </div>
        <div>
          +8618510163161
        </div>
      </div>
      <div
        className="basicInfoItem"
      >
        <div>
          Github
          :
        </div>
        <div>
          <a
            href="https://github.com/madison890000"
            target="_blank"
          >
            https://github.com/madison890000
          </a>
        </div>
      </div>
      <div
        className="basicInfoItem"
      >
        <div>
          LinkedIn
          :
        </div>
        <div>
          <a
            href="https://www.linkedin.com/in/madison-ma-800657237/"
            target="_blank"
          >
            https://www.linkedin.com/in/madison-ma-800657237/
          </a>
        </div>
      </div>
    </div>
  </header>
  <div
    className="divider"
  >
    <div
      className="title"
    >
      <div>
        <h3>
          Profile
        </h3>
      </div>
      <div />
    </div>
    <div
      className="section"
    />
  </div>
  <section>
    <div
      className="profile"
    >
      <div
        className="description"
      >
        <div
          className="descriptionItem"
        >
          I have 7 years working experience in IT with solid technical background, proficient in modern JavaScript/TypeScript programming frameworks, tools, and libraries. 
        </div>
        <div
          className="descriptionItem"
        >
          I Have rich development experience both in Front-End and Back-End, including Admin Portal and Customer Portal in E-commerce
System, Web Finance(Invoice) System, Supporting System, SPA, etc.
        </div>
        <div
          className="descriptionItem"
        >
          I am both a good team leader and team member. I am passionate about life, friendly to people, willing to share, and wish to work with colleagues whom want to make the world to be a better place.
        </div>
      </div>
      <div
        className="capability"
      />
    </div>
  </section>
  <div
    className="divider"
  >
    <div
      className="title"
    >
      <div>
        <h3>
          Skills
        </h3>
      </div>
      <div />
    </div>
    <div
      className="section"
    />
  </div>
  <section>
    <div
      className="skills"
    >
      <div
        className="skill"
      >
        <div>
          <div
            className="important"
          >
            React
          </div>
          <div
            className="subTitle"
          >
            5
             
            years
          </div>
        </div>
        <div
          className="level"
        >
          <span />
          <span />
          <span />
          <span />
          <span
            className="empty"
          />
          <div
            className="levelName"
          >
            Proficient
          </div>
        </div>
      </div>
      <div
        className="skill"
      >
        <div>
          <div
            className="important"
          >
            TypeScript
          </div>
          <div
            className="subTitle"
          >
            3
             
            years
          </div>
        </div>
        <div
          className="level"
        >
          <span />
          <span />
          <span />
          <span />
          <span
            className="empty"
          />
          <div
            className="levelName"
          >
            Proficient
          </div>
        </div>
      </div>
      <div
        className="skill"
      >
        <div>
          <div
            className="important"
          >
            JavaScript
          </div>
          <div
            className="subTitle"
          >
            7
             
            years
          </div>
        </div>
        <div
          className="level"
        >
          <span />
          <span />
          <span />
          <span />
          <span
            className="empty"
          />
          <div
            className="levelName"
          >
            Proficient
          </div>
        </div>
      </div>
      <div
        className="skill"
      >
        <div>
          <div
            className="important"
          >
            Redux/MobX
          </div>
          <div
            className="subTitle"
          >
            3
             
            years
          </div>
        </div>
        <div
          className="level"
        >
          <span />
          <span />
          <span />
          <span />
          <span
            className="empty"
          />
          <div
            className="levelName"
          >
            Proficient
          </div>
        </div>
      </div>
      <div
        className="skill"
      >
        <div>
          <div
            className="important"
          >
            HTML & CSS
          </div>
          <div
            className="subTitle"
          >
            6
             
            years
          </div>
        </div>
        <div
          className="level"
        >
          <span />
          <span />
          <span />
          <span />
          <span
            className="empty"
          />
          <div
            className="levelName"
          >
            Proficient
          </div>
        </div>
      </div>
      <div
        className="skill"
      >
        <div>
          <div
            className="important"
          >
            GIT
          </div>
          <div
            className="subTitle"
          >
            6
             
            years
          </div>
        </div>
        <div
          className="level"
        >
          <span />
          <span />
          <span />
          <span />
          <span
            className="empty"
          />
          <div
            className="levelName"
          >
            Proficient
          </div>
        </div>
      </div>
      <div
        className="skill"
      >
        <div>
          <div
            className="important"
          >
            Jest
          </div>
          <div
            className="subTitle"
          >
            3
             
            years
          </div>
        </div>
        <div
          className="level"
        >
          <span />
          <span />
          <span
            className="empty"
          />
          <span
            className="empty"
          />
          <span
            className="empty"
          />
          <div
            className="levelName"
          >
            Familiar
          </div>
        </div>
      </div>
    </div>
  </section>
  <section>
    <div
      className="skills"
    >
      <div
        className="skill"
      >
        <div>
          <div
            className="normal"
          >
            Node
          </div>
          <div
            className="subTitle"
          >
            2
             
            years
          </div>
        </div>
        <div
          className="level"
        >
          <span />
          <span />
          <span
            className="empty"
          />
          <span
            className="empty"
          />
          <span
            className="empty"
          />
          <div
            className="levelName"
          >
            Familiar
          </div>
        </div>
      </div>
      <div
        className="skill"
      >
        <div>
          <div
            className="normal"
          >
            Java
          </div>
          <div
            className="subTitle"
          >
            3
             
            years
          </div>
        </div>
        <div
          className="level"
        >
          <span />
          <span />
          <span
            className="empty"
          />
          <span
            className="empty"
          />
          <span
            className="empty"
          />
          <div
            className="levelName"
          >
            Familiar
          </div>
        </div>
      </div>
      <div
        className="skill"
      >
        <div>
          <div
            className="normal"
          >
            Vue
          </div>
          <div
            className="subTitle"
          >
            1.5
             
            years
          </div>
        </div>
        <div
          className="level"
        >
          <span />
          <span />
          <span />
          <span />
          <span
            className="empty"
          />
          <div
            className="levelName"
          >
            Proficient
          </div>
        </div>
      </div>
      <div
        className="skill"
      >
        <div>
          <div
            className="normal"
          >
            Database/SQL
          </div>
          <div
            className="subTitle"
          >
            2
             
            years
          </div>
        </div>
        <div
          className="level"
        >
          <span />
          <span />
          <span
            className="empty"
          />
          <span
            className="empty"
          />
          <span
            className="empty"
          />
          <div
            className="levelName"
          >
            Familiar
          </div>
        </div>
      </div>
      <div
        className="skill"
      >
        <div>
          <div
            className="normal"
          >
            Electron
          </div>
          <div
            className="subTitle"
          >
            1
             
            years
          </div>
        </div>
        <div
          className="level"
        >
          <span />
          <span />
          <span
            className="empty"
          />
          <span
            className="empty"
          />
          <span
            className="empty"
          />
          <div
            className="levelName"
          >
            Familiar
          </div>
        </div>
      </div>
      <div
        className="skill"
      >
        <div>
          <div
            className="normal"
          >
            Docker
          </div>
          <div
            className="subTitle"
          >
            0.5
             
            years
          </div>
        </div>
        <div
          className="level"
        >
          <span />
          <span
            className="empty"
          />
          <span
            className="empty"
          />
          <span
            className="empty"
          />
          <span
            className="empty"
          />
          <div
            className="levelName"
          >
            Understand
          </div>
        </div>
      </div>
      <div
        className="skill"
      >
        <div>
          <div
            className="normal"
          >
            C#
          </div>
          <div
            className="subTitle"
          >
            0.5
             
            years
          </div>
        </div>
        <div
          className="level"
        >
          <span />
          <span
            className="empty"
          />
          <span
            className="empty"
          />
          <span
            className="empty"
          />
          <span
            className="empty"
          />
          <div
            className="levelName"
          >
            Understand
          </div>
        </div>
      </div>
    </div>
  </section>
  <div
    className="divider"
  >
    <div
      className="title"
    >
      <div>
        <h3>
          Professional Experiences
        </h3>
      </div>
      <div />
    </div>
    <div
      className="section"
    />
  </div>
  <section>
    <div
      className="timelineContainer"
      style={
        Object {
          "width": "980px",
        }
      }
    >
      <div>
        <svg
          height={20}
          width={980}
        >
          <g>
            <rect
              fill="black"
              height="10"
              width={9.76923076923077}
              x={0}
              y="5"
            />
            <rect
              fill="black"
              height="10"
              width={9.76923076923077}
              x={10.76923076923077}
              y="5"
            />
            <rect
              fill="black"
              height="10"
              width={9.76923076923077}
              x={21.53846153846154}
              y="5"
            />
            <rect
              fill="black"
              height="10"
              width={9.76923076923077}
              x={32.30769230769231}
              y="5"
            />
            <rect
              fill="black"
              height="10"
              width={9.76923076923077}
              x={43.07692307692308}
              y="5"
            />
            <rect
              fill="black"
              height="10"
              width={9.76923076923077}
              x={53.846153846153854}
              y="5"
            />
            <rect
              fill="black"
              height="10"
              width={9.76923076923077}
              x={64.61538461538461}
              y="5"
            />
            <rect
              fill="black"
              height="10"
              width={9.76923076923077}
              x={75.38461538461539}
              y="5"
            />
            <rect
              fill="black"
              height="10"
              width={9.76923076923077}
              x={86.15384615384616}
              y="5"
            />
            <rect
              fill="black"
              height="10"
              width={9.76923076923077}
              x={96.92307692307693}
              y="5"
            />
            <rect
              fill="black"
              height="10"
              width={9.76923076923077}
              x={107.69230769230771}
              y="5"
            />
            <rect
              fill="black"
              height="10"
              width={9.76923076923077}
              x={118.46153846153847}
              y="5"
            />
            <rect
              fill="black"
              height="10"
              width={9.76923076923077}
              x={129.23076923076923}
              y="5"
            />
            <rect
              fill="#1976d2"
              height="10"
              width={9.76923076923077}
              x={140}
              y="5"
            />
            <rect
              fill="#1976d2"
              height="10"
              width={9.76923076923077}
              x={150.76923076923077}
              y="5"
            />
            <rect
              fill="#1976d2"
              height="10"
              width={9.76923076923077}
              x={161.53846153846155}
              y="5"
            />
            <rect
              fill="#1976d2"
              height="10"
              width={9.76923076923077}
              x={172.30769230769232}
              y="5"
            />
            <rect
              fill="#1976d2"
              height="10"
              width={9.76923076923077}
              x={183.0769230769231}
              y="5"
            />
            <rect
              fill="#1976d2"
              height="10"
              width={9.76923076923077}
              x={193.84615384615387}
              y="5"
            />
            <rect
              fill="#1976d2"
              height="10"
              width={9.76923076923077}
              x={204.61538461538464}
              y="5"
            />
            <rect
              fill="#1976d2"
              height="10"
              width={9.76923076923077}
              x={215.38461538461542}
              y="5"
            />
            <rect
              fill="#1976d2"
              height="10"
              width={9.76923076923077}
              x={226.15384615384616}
              y="5"
            />
            <rect
              fill="#1976d2"
              height="10"
              width={9.76923076923077}
              x={236.92307692307693}
              y="5"
            />
            <rect
              fill="#1976d2"
              height="10"
              width={9.76923076923077}
              x={247.6923076923077}
              y="5"
            />
            <rect
              fill="#1976d2"
              height="10"
              width={9.76923076923077}
              x={258.46153846153845}
              y="5"
            />
            <rect
              fill="#1976d2"
              height="10"
              width={9.76923076923077}
              x={269.2307692307692}
              y="5"
            />
            <rect
              fill="#1976d2"
              height="10"
              width={9.76923076923077}
              x={280}
              y="5"
            />
            <rect
              fill="#1976d2"
              height="10"
              width={9.76923076923077}
              x={290.7692307692308}
              y="5"
            />
            <rect
              fill="#1976d2"
              height="10"
              width={9.76923076923077}
              x={301.53846153846155}
              y="5"
            />
            <rect
              fill="#1976d2"
              height="10"
              width={9.76923076923077}
              x={312.3076923076923}
              y="5"
            />
            <rect
              fill="#1976d2"
              height="10"
              width={9.76923076923077}
              x={323.0769230769231}
              y="5"
            />
            <rect
              fill="#1976d2"
              height="10"
              width={9.76923076923077}
              x={333.84615384615387}
              y="5"
            />
            <rect
              fill="#1976d2"
              height="10"
              width={9.76923076923077}
              x={344.61538461538464}
              y="5"
            />
            <rect
              fill="black"
              height="10"
              width={9.76923076923077}
              x={355.3846153846154}
              y="5"
            />
            <rect
              fill="black"
              height="10"
              width={9.76923076923077}
              x={366.1538461538462}
              y="5"
            />
            <rect
              fill="black"
              height="10"
              width={9.76923076923077}
              x={376.92307692307696}
              y="5"
            />
            <rect
              fill="black"
              height="10"
              width={9.76923076923077}
              x={387.69230769230774}
              y="5"
            />
            <rect
              fill="black"
              height="10"
              width={9.76923076923077}
              x={398.4615384615385}
              y="5"
            />
            <rect
              fill="black"
              height="10"
              width={9.76923076923077}
              x={409.2307692307693}
              y="5"
            />
            <rect
              fill="black"
              height="10"
              width={9.76923076923077}
              x={420.00000000000006}
              y="5"
            />
            <rect
              fill="black"
              height="10"
              width={9.76923076923077}
              x={430.76923076923083}
              y="5"
            />
            <rect
              fill="black"
              height="10"
              width={9.76923076923077}
              x={441.53846153846155}
              y="5"
            />
            <rect
              fill="black"
              height="10"
              width={9.76923076923077}
              x={452.3076923076923}
              y="5"
            />
            <rect
              fill="black"
              height="10"
              width={9.76923076923077}
              x={463.0769230769231}
              y="5"
            />
            <rect
              fill="black"
              height="10"
              width={9.76923076923077}
              x={473.84615384615387}
              y="5"
            />
            <rect
              fill="black"
              height="10"
              width={9.76923076923077}
              x={484.61538461538464}
              y="5"
            />
            <rect
              fill="black"
              height="10"
              width={9.76923076923077}
              x={495.3846153846154}
              y="5"
            />
            <rect
              fill="black"
              height="10"
              width={9.76923076923077}
              x={506.1538461538462}
              y="5"
            />
            <rect
              fill=""
              height="10"
              width={9.76923076923077}
              x={516.9230769230769}
              y="5"
            />
            <rect
              fill=""
              height="10"
              width={9.76923076923077}
              x={527.6923076923077}
              y="5"
            />
            <rect
              fill="#1976d2"
              height="10"
              width={9.76923076923077}
              x={538.4615384615385}
              y="5"
            />
            <rect
              fill="#1976d2"
              height="10"
              width={9.76923076923077}
              x={549.2307692307693}
              y="5"
            />
            <rect
              fill="#1976d2"
              height="10"
              width={9.76923076923077}
              x={560}
              y="5"
            />
            <rect
              fill="#1976d2"
              height="10"
              width={9.76923076923077}
              x={570.7692307692308}
              y="5"
            />
            <rect
              fill="#1976d2"
              height="10"
              width={9.76923076923077}
              x={581.5384615384615}
              y="5"
            />
            <rect
              fill="#1976d2"
              height="10"
              width={9.76923076923077}
              x={592.3076923076924}
              y="5"
            />
            <rect
              fill="#1976d2"
              height="10"
              width={9.76923076923077}
              x={603.0769230769231}
              y="5"
            />
            <rect
              fill="#1976d2"
              height="10"
              width={9.76923076923077}
              x={613.8461538461539}
              y="5"
            />
            <rect
              fill="#1976d2"
              height="10"
              width={9.76923076923077}
              x={624.6153846153846}
              y="5"
            />
            <rect
              fill="#1976d2"
              height="10"
              width={9.76923076923077}
              x={635.3846153846155}
              y="5"
            />
            <rect
              fill="#1976d2"
              height="10"
              width={9.76923076923077}
              x={646.1538461538462}
              y="5"
            />
            <rect
              fill="#1976d2"
              height="10"
              width={9.76923076923077}
              x={656.923076923077}
              y="5"
            />
            <rect
              fill="#1976d2"
              height="10"
              width={9.76923076923077}
              x={667.6923076923077}
              y="5"
            />
            <rect
              fill="#1976d2"
              height="10"
              width={9.76923076923077}
              x={678.4615384615386}
              y="5"
            />
            <rect
              fill="#1976d2"
              height="10"
              width={9.76923076923077}
              x={689.2307692307693}
              y="5"
            />
            <rect
              fill="#1976d2"
              height="10"
              width={9.76923076923077}
              x={700}
              y="5"
            />
            <rect
              fill="#1976d2"
              height="10"
              width={9.76923076923077}
              x={710.7692307692308}
              y="5"
            />
            <rect
              fill="#1976d2"
              height="10"
              width={9.76923076923077}
              x={721.5384615384615}
              y="5"
            />
            <rect
              fill="#1976d2"
              height="10"
              width={9.76923076923077}
              x={732.3076923076924}
              y="5"
            />
            <rect
              fill="#1976d2"
              height="10"
              width={9.76923076923077}
              x={743.0769230769231}
              y="5"
            />
            <rect
              fill="#1976d2"
              height="10"
              width={9.76923076923077}
              x={753.8461538461539}
              y="5"
            />
            <rect
              fill="#1976d2"
              height="10"
              width={9.76923076923077}
              x={764.6153846153846}
              y="5"
            />
            <rect
              fill="#1976d2"
              height="10"
              width={9.76923076923077}
              x={775.3846153846155}
              y="5"
            />
            <rect
              fill="#1976d2"
              height="10"
              width={9.76923076923077}
              x={786.1538461538462}
              y="5"
            />
            <rect
              fill="#1976d2"
              height="10"
              width={9.76923076923077}
              x={796.923076923077}
              y="5"
            />
            <rect
              fill="#1976d2"
              height="10"
              width={9.76923076923077}
              x={807.6923076923077}
              y="5"
            />
            <rect
              fill="#1976d2"
              height="10"
              width={9.76923076923077}
              x={818.4615384615386}
              y="5"
            />
            <rect
              fill="#1976d2"
              height="10"
              width={9.76923076923077}
              x={829.2307692307693}
              y="5"
            />
            <rect
              fill="#1976d2"
              height="10"
              width={9.76923076923077}
              x={840.0000000000001}
              y="5"
            />
            <rect
              fill="#1976d2"
              height="10"
              width={9.76923076923077}
              x={850.7692307692308}
              y="5"
            />
            <rect
              fill="#1976d2"
              height="10"
              width={9.76923076923077}
              x={861.5384615384617}
              y="5"
            />
            <rect
              fill="#1976d2"
              height="10"
              width={9.76923076923077}
              x={872.3076923076924}
              y="5"
            />
            <rect
              fill="#1976d2"
              height="10"
              width={9.76923076923077}
              x={883.0769230769231}
              y="5"
            />
            <rect
              fill="black"
              height="10"
              width={9.76923076923077}
              x={893.8461538461539}
              y="5"
            />
            <rect
              fill="black"
              height="10"
              width={9.76923076923077}
              x={904.6153846153846}
              y="5"
            />
            <rect
              fill="black"
              height="10"
              width={9.76923076923077}
              x={915.3846153846155}
              y="5"
            />
            <rect
              fill="black"
              height="10"
              width={9.76923076923077}
              x={926.1538461538462}
              y="5"
            />
            <rect
              fill="black"
              height="10"
              width={9.76923076923077}
              x={936.923076923077}
              y="5"
            />
            <rect
              fill="black"
              height="10"
              width={9.76923076923077}
              x={947.6923076923077}
              y="5"
            />
            <rect
              fill="black"
              height="10"
              width={9.76923076923077}
              x={958.4615384615386}
              y="5"
            />
            <rect
              fill="black"
              height="10"
              width={9.76923076923077}
              x={969.2307692307693}
              y="5"
            />
          </g>
        </svg>
      </div>
    </div>
  </section>
  <section>
    <div
      className="periodContainer"
    >
      <div
        className="period"
      >
        <div>
          <div
            className="header"
          >
            <span
              className="job"
            >
              <span>
                Senior
              </span>
              <span>
                Software Engineer
              </span>
            </span>
            <span>
              <span
                className="filled"
              >
                React
              </span>
              <span
                className="filled"
              >
                Agile
              </span>
            </span>
            <span
              className="companyName"
            >
              <span>
                Tesla
              </span>
            </span>
          </div>
        </div>
        <div
          className="timeline"
        >
          <svg
            height={20}
            width={54}
          >
            <g>
              <rect
                fill="black"
                height="10"
                width={5}
                x={0}
                y="5"
              />
              <rect
                fill="black"
                height="10"
                width={5}
                x={6}
                y="5"
              />
              <rect
                fill="black"
                height="10"
                width={5}
                x={12}
                y="5"
              />
              <rect
                fill="black"
                height="10"
                width={5}
                x={18}
                y="5"
              />
              <rect
                fill="black"
                height="10"
                width={5}
                x={24}
                y="5"
              />
              <rect
                fill="black"
                height="10"
                width={5}
                x={30}
                y="5"
              />
              <rect
                fill="black"
                height="10"
                width={5}
                x={36}
                y="5"
              />
              <rect
                fill="black"
                height="10"
                width={5}
                x={42}
                y="5"
              />
              <rect
                fill="black"
                height="10"
                width={5}
                x={48}
                y="5"
              />
            </g>
          </svg>
          <div
            className="times"
          >
            <span>
              May, 2022
            </span>
            <span>
              -
            </span>
            <span>
              Present
            </span>
          </div>
        </div>
      </div>
      <div>
        <h5>
          Job summaries
          :
        </h5>
        <ul>
          <li>
            Become the core developer in Front-End team.
          </li>
          <li>
            Make the architecture design in Front-End project.
          </li>
          <li>
            Improve the code quality and performance.
          </li>
          <li>
            Improve the FE team efficiency.
          </li>
          <li>
            Communicate with product manager and UI designer to understand project requirements every 2 weeks (one sprint).
          </li>
          <li>
            Provide training and guidance on technical.
          </li>
        </ul>
      </div>
      <div>
        <h5>
          Achievements
          :
        </h5>
        <ul
          className="achievements"
        >
          <li>
            Completed the design and development of common utils and Hooks in React project.
            <span>
              <span
                className="normal"
              >
                Engineering
              </span>
            </span>
          </li>
          <li>
            Optimized the Front-End code.
            <span>
              <span
                className="normal"
              >
                Performance
              </span>
            </span>
          </li>
          <li>
            Improved the code quality.
            <span>
              <span
                className="normal"
              >
                Quality
              </span>
            </span>
          </li>
        </ul>
      </div>
    </div>
    <div
      className="periodContainer"
    >
      <div
        className="period"
      >
        <div>
          <div
            className="header"
          >
            <span
              className="job"
            >
              <span>
                Senior
              </span>
              <span>
                Software Engineer
              </span>
            </span>
            <span>
              <span
                className="filled"
              >
                React
              </span>
              <span
                className="filled"
              >
                NextJs
              </span>
              <span
                className="filled"
              >
                umi
              </span>
              <span
                className="filled"
              >
                TDD
              </span>
              <span
                className="filled"
              >
                Agile
              </span>
            </span>
            <span
              className="companyName"
            >
              <span>
                PCCW GLOBAL
              </span>
            </span>
          </div>
        </div>
        <div
          className="timeline"
        >
          <svg
            height={20}
            width={198}
          >
            <g>
              <rect
                fill="#1976d2"
                height="10"
                width={5}
                x={0}
                y="5"
              />
              <rect
                fill="#1976d2"
                height="10"
                width={5}
                x={6}
                y="5"
              />
              <rect
                fill="#1976d2"
                height="10"
                width={5}
                x={12}
                y="5"
              />
              <rect
                fill="#1976d2"
                height="10"
                width={5}
                x={18}
                y="5"
              />
              <rect
                fill="#1976d2"
                height="10"
                width={5}
                x={24}
                y="5"
              />
              <rect
                fill="#1976d2"
                height="10"
                width={5}
                x={30}
                y="5"
              />
              <rect
                fill="#1976d2"
                height="10"
                width={5}
                x={36}
                y="5"
              />
              <rect
                fill="#1976d2"
                height="10"
                width={5}
                x={42}
                y="5"
              />
              <rect
                fill="#1976d2"
                height="10"
                width={5}
                x={48}
                y="5"
              />
              <rect
                fill="#1976d2"
                height="10"
                width={5}
                x={54}
                y="5"
              />
              <rect
                fill="#1976d2"
                height="10"
                width={5}
                x={60}
                y="5"
              />
              <rect
                fill="#1976d2"
                height="10"
                width={5}
                x={66}
                y="5"
              />
              <rect
                fill="#1976d2"
                height="10"
                width={5}
                x={72}
                y="5"
              />
              <rect
                fill="#1976d2"
                height="10"
                width={5}
                x={78}
                y="5"
              />
              <rect
                fill="#1976d2"
                height="10"
                width={5}
                x={84}
                y="5"
              />
              <rect
                fill="#1976d2"
                height="10"
                width={5}
                x={90}
                y="5"
              />
              <rect
                fill="#1976d2"
                height="10"
                width={5}
                x={96}
                y="5"
              />
              <rect
                fill="#1976d2"
                height="10"
                width={5}
                x={102}
                y="5"
              />
              <rect
                fill="#1976d2"
                height="10"
                width={5}
                x={108}
                y="5"
              />
              <rect
                fill="#1976d2"
                height="10"
                width={5}
                x={114}
                y="5"
              />
              <rect
                fill="#1976d2"
                height="10"
                width={5}
                x={120}
                y="5"
              />
              <rect
                fill="#1976d2"
                height="10"
                width={5}
                x={126}
                y="5"
              />
              <rect
                fill="#1976d2"
                height="10"
                width={5}
                x={132}
                y="5"
              />
              <rect
                fill="#1976d2"
                height="10"
                width={5}
                x={138}
                y="5"
              />
              <rect
                fill="#1976d2"
                height="10"
                width={5}
                x={144}
                y="5"
              />
              <rect
                fill="#1976d2"
                height="10"
                width={5}
                x={150}
                y="5"
              />
              <rect
                fill="#1976d2"
                height="10"
                width={5}
                x={156}
                y="5"
              />
              <rect
                fill="#1976d2"
                height="10"
                width={5}
                x={162}
                y="5"
              />
              <rect
                fill="#1976d2"
                height="10"
                width={5}
                x={168}
                y="5"
              />
              <rect
                fill="#1976d2"
                height="10"
                width={5}
                x={174}
                y="5"
              />
              <rect
                fill="#1976d2"
                height="10"
                width={5}
                x={180}
                y="5"
              />
              <rect
                fill="#1976d2"
                height="10"
                width={5}
                x={186}
                y="5"
              />
              <rect
                fill="#1976d2"
                height="10"
                width={5}
                x={192}
                y="5"
              />
            </g>
          </svg>
          <div
            className="times"
          >
            <span>
              Sep, 2019
            </span>
            <span>
              -
            </span>
            <span>
              May, 2022
            </span>
          </div>
        </div>
      </div>
      <div>
        <h5>
          Job summaries
          :
        </h5>
        <ul>
          <li>
            Become the core developer in Front-End team.
          </li>
          <li>
            Make the architecture design in Front-End project.
          </li>
          <li>
            Communicate with product manager and UI designer to understand project requirements every week (one sprint),.
          </li>
          <li>
            Conduct functional research and validation based on business requirements, evaluate requirements implementation feasibility and propose solutions.
          </li>
          <li>
            Responsible for task assignment and project requirement explanation to 5 external team members.
          </li>
          <li>
            Provide training and guidance on technical to junior engineer.
          </li>
        </ul>
      </div>
      <div>
        <h5>
          Achievements
          :
        </h5>
        <ul
          className="achievements"
        >
          <li>
            Designed and developed low-code form modules to improve the company's efficiency in custom dynamic form releases.
            <span>
              <span
                className="normal"
              >
                low-code
              </span>
            </span>
          </li>
          <li>
            Defined the Best practices in FE project with React and Typescript.
            <span>
              <span
                className="normal"
              >
                Architecture
              </span>
            </span>
          </li>
          <li>
            Used Micro Front-End Service to split code and improve the performance in FE.
            <span>
              <span
                className="normal"
              >
                Performance
              </span>
              <span
                className="normal"
              >
                Engineering
              </span>
            </span>
          </li>
          <li>
            Designed and developed the company's Front-End UI component library.
            <span>
              <span
                className="normal"
              >
                UI
              </span>
            </span>
          </li>
          <li>
            Setup the Front-End CI/CD with system Engineers, including the Docker building and the jest process.
            <span>
              <span
                className="normal"
              >
                CI/CD
              </span>
              <span
                className="normal"
              >
                Engineering
              </span>
            </span>
          </li>
          <li>
            Setup the utils library in FE.
            <span>
              <span
                className="normal"
              >
                Engineering
              </span>
            </span>
          </li>
        </ul>
      </div>
    </div>
    <div
      className="periodContainer"
    >
      <div
        className="period"
      >
        <div>
          <div
            className="header"
          >
            <span
              className="job"
            >
              <span>
                Front-End Engineer
              </span>
            </span>
            <span>
              <span
                className="filled"
              >
                Vue
              </span>
              <span
                className="filled"
              >
                React
              </span>
              <span
                className="filled"
              >
                Waterfall
              </span>
            </span>
            <span
              className="companyName"
            >
              <span>
                Citic Baixin Bank Co. Ltd
              </span>
            </span>
          </div>
        </div>
        <div
          className="timeline"
        >
          <svg
            height={20}
            width={90}
          >
            <g>
              <rect
                fill="black"
                height="10"
                width={5}
                x={0}
                y="5"
              />
              <rect
                fill="black"
                height="10"
                width={5}
                x={6}
                y="5"
              />
              <rect
                fill="black"
                height="10"
                width={5}
                x={12}
                y="5"
              />
              <rect
                fill="black"
                height="10"
                width={5}
                x={18}
                y="5"
              />
              <rect
                fill="black"
                height="10"
                width={5}
                x={24}
                y="5"
              />
              <rect
                fill="black"
                height="10"
                width={5}
                x={30}
                y="5"
              />
              <rect
                fill="black"
                height="10"
                width={5}
                x={36}
                y="5"
              />
              <rect
                fill="black"
                height="10"
                width={5}
                x={42}
                y="5"
              />
              <rect
                fill="black"
                height="10"
                width={5}
                x={48}
                y="5"
              />
              <rect
                fill="black"
                height="10"
                width={5}
                x={54}
                y="5"
              />
              <rect
                fill="black"
                height="10"
                width={5}
                x={60}
                y="5"
              />
              <rect
                fill="black"
                height="10"
                width={5}
                x={66}
                y="5"
              />
              <rect
                fill="black"
                height="10"
                width={5}
                x={72}
                y="5"
              />
              <rect
                fill="black"
                height="10"
                width={5}
                x={78}
                y="5"
              />
              <rect
                fill="black"
                height="10"
                width={5}
                x={84}
                y="5"
              />
            </g>
          </svg>
          <div
            className="times"
          >
            <span>
              Apr, 2018
            </span>
            <span>
              -
            </span>
            <span>
              Jun, 2019
            </span>
          </div>
        </div>
      </div>
      <div>
        <h5>
          Job summaries
          :
        </h5>
        <ul>
          <li>
            Become the core developer in Front-End team.
          </li>
          <li>
            Communicate with product manager and UI designer partner through meeting to understand project requirements.
          </li>
          <li>
            Responsible for task assignment and project requirement explanation to 5 team members.
          </li>
          <li>
            Provide training and guidance on technical to junior engineer.
          </li>
        </ul>
      </div>
      <div>
        <h5>
          Achievements
          :
        </h5>
        <ul
          className="achievements"
        >
          <li>
            Completed the design and development of company's Front-End UI component library.
            <span>
              <span
                className="normal"
              >
                UI
              </span>
            </span>
          </li>
        </ul>
      </div>
    </div>
    <div
      className="periodContainer"
    >
      <div
        className="period"
      >
        <div>
          <div
            className="header"
          >
            <span
              className="job"
            >
              <span>
                Software Engineer
              </span>
            </span>
            <span>
              <span
                className="filled"
              >
                Java
              </span>
              <span
                className="filled"
              >
                jQuery
              </span>
              <span
                className="filled"
              >
                React
              </span>
              <span
                className="filled"
              >
                Waterfall
              </span>
            </span>
            <span
              className="companyName"
            >
              <span>
                Yinyuan Asia-pacific Technology Co. Ltd 
              </span>
            </span>
          </div>
        </div>
        <div
          className="timeline"
        >
          <svg
            height={20}
            width={126}
          >
            <g>
              <rect
                fill="#1976d2"
                height="10"
                width={5}
                x={0}
                y="5"
              />
              <rect
                fill="#1976d2"
                height="10"
                width={5}
                x={6}
                y="5"
              />
              <rect
                fill="#1976d2"
                height="10"
                width={5}
                x={12}
                y="5"
              />
              <rect
                fill="#1976d2"
                height="10"
                width={5}
                x={18}
                y="5"
              />
              <rect
                fill="#1976d2"
                height="10"
                width={5}
                x={24}
                y="5"
              />
              <rect
                fill="#1976d2"
                height="10"
                width={5}
                x={30}
                y="5"
              />
              <rect
                fill="#1976d2"
                height="10"
                width={5}
                x={36}
                y="5"
              />
              <rect
                fill="#1976d2"
                height="10"
                width={5}
                x={42}
                y="5"
              />
              <rect
                fill="#1976d2"
                height="10"
                width={5}
                x={48}
                y="5"
              />
              <rect
                fill="#1976d2"
                height="10"
                width={5}
                x={54}
                y="5"
              />
              <rect
                fill="#1976d2"
                height="10"
                width={5}
                x={60}
                y="5"
              />
              <rect
                fill="#1976d2"
                height="10"
                width={5}
                x={66}
                y="5"
              />
              <rect
                fill="#1976d2"
                height="10"
                width={5}
                x={72}
                y="5"
              />
              <rect
                fill="#1976d2"
                height="10"
                width={5}
                x={78}
                y="5"
              />
              <rect
                fill="#1976d2"
                height="10"
                width={5}
                x={84}
                y="5"
              />
              <rect
                fill="#1976d2"
                height="10"
                width={5}
                x={90}
                y="5"
              />
              <rect
                fill="#1976d2"
                height="10"
                width={5}
                x={96}
                y="5"
              />
              <rect
                fill="#1976d2"
                height="10"
                width={5}
                x={102}
                y="5"
              />
              <rect
                fill="#1976d2"
                height="10"
                width={5}
                x={108}
                y="5"
              />
              <rect
                fill="#1976d2"
                height="10"
                width={5}
                x={114}
                y="5"
              />
              <rect
                fill="#1976d2"
                height="10"
                width={5}
                x={120}
                y="5"
              />
            </g>
          </svg>
          <div
            className="times"
          >
            <span>
              Jul, 2016
            </span>
            <span>
              -
            </span>
            <span>
              Mar, 2018
            </span>
          </div>
        </div>
      </div>
      <div>
        <h5>
          Job summaries
          :
        </h5>
        <ul>
          <li>
            Participate in the design and development of all projects .
          </li>
          <li>
            Responsible for the release quality of all system.
          </li>
          <li>
            Responsible for team's recruitment, technical training(ES6), etc.
          </li>
          <li>
            Take charge of annual feature planning and appraise performance of each team member.
          </li>
        </ul>
      </div>
      <div>
        <h5>
          Achievements
          :
        </h5>
        <ul
          className="achievements"
        >
          <li>
            Used different technologies to start new project, like React, React-Native, Vue.
            <span>
              <span
                className="normal"
              >
                FE
              </span>
            </span>
          </li>
          <li>
            Used shell scripts to improve the development efficiency of CRUD classes.
            <span>
              <span
                className="normal"
              >
                Java
              </span>
            </span>
          </li>
          <li>
            Completed the design and development of the company's Front-End UI component library.
            <span>
              <span
                className="normal"
              >
                UI
              </span>
            </span>
          </li>
        </ul>
      </div>
    </div>
    <div
      className="periodContainer"
    >
      <div
        className="period"
      >
        <div>
          <div
            className="header"
          >
            <span
              className="job"
            >
              <span>
                Software Engineer
              </span>
            </span>
            <span>
              <span
                className="filled"
              >
                Java
              </span>
              <span
                className="filled"
              >
                jQuery
              </span>
              <span
                className="filled"
              >
                Waterfall
              </span>
            </span>
            <span
              className="companyName"
            >
              <span>
                Taiji Computer Corporation. Ltd
              </span>
            </span>
          </div>
        </div>
        <div
          className="timeline"
        >
          <svg
            height={20}
            width={78}
          >
            <g>
              <rect
                fill="black"
                height="10"
                width={5}
                x={0}
                y="5"
              />
              <rect
                fill="black"
                height="10"
                width={5}
                x={6}
                y="5"
              />
              <rect
                fill="black"
                height="10"
                width={5}
                x={12}
                y="5"
              />
              <rect
                fill="black"
                height="10"
                width={5}
                x={18}
                y="5"
              />
              <rect
                fill="black"
                height="10"
                width={5}
                x={24}
                y="5"
              />
              <rect
                fill="black"
                height="10"
                width={5}
                x={30}
                y="5"
              />
              <rect
                fill="black"
                height="10"
                width={5}
                x={36}
                y="5"
              />
              <rect
                fill="black"
                height="10"
                width={5}
                x={42}
                y="5"
              />
              <rect
                fill="black"
                height="10"
                width={5}
                x={48}
                y="5"
              />
              <rect
                fill="black"
                height="10"
                width={5}
                x={54}
                y="5"
              />
              <rect
                fill="black"
                height="10"
                width={5}
                x={60}
                y="5"
              />
              <rect
                fill="black"
                height="10"
                width={5}
                x={66}
                y="5"
              />
              <rect
                fill="black"
                height="10"
                width={5}
                x={72}
                y="5"
              />
            </g>
          </svg>
          <div
            className="times"
          >
            <span>
              Jul, 2015
            </span>
            <span>
              -
            </span>
            <span>
              Jul, 2016
            </span>
          </div>
        </div>
      </div>
      <div>
        <h5>
          Job summaries
          :
        </h5>
        <ul>
          <li>
            Use Java to develop system on schedule.
          </li>
          <li>
            Participate in the design and development of one economic-data-report project.
          </li>
        </ul>
      </div>
      <div>
        <h5>
          Achievements
          :
        </h5>
        <ul
          className="achievements"
        >
          <li>
            Used Spring-boot and Kendo-UI to build the the basic configuration of common project.
            <span>
              <span
                className="normal"
              >
                Java
              </span>
            </span>
          </li>
          <li>
            Abstracted 10+ components to unify UI style, including table, form input, file upload, etc.
            <span>
              <span
                className="normal"
              >
                UI
              </span>
            </span>
          </li>
        </ul>
      </div>
    </div>
  </section>
  <div
    className="divider"
  >
    <div
      className="title"
    >
      <div>
        <h3>
          Education Experiences
        </h3>
      </div>
      <div />
    </div>
    <div
      className="section"
    />
  </div>
  <section>
    <div
      className="education"
    >
      <div>
        <span>
          China Agricultural University
        </span>
      </div>
      <div>
        <span>
          Resources and Environment
        </span>
        <span
          className="major"
        >
          (
          BACHELOR
          )
        </span>
      </div>
      <div
        className="times"
      >
        <span>
          Sep, 2008
        </span>
        <span>
          -
        </span>
        <span>
          Jul, 2012
        </span>
      </div>
    </div>
    <div
      className="education"
    >
      <div>
        <span>
          China Agricultural University
        </span>
      </div>
      <div>
        <span>
          Land Utilization and Information Technology
        </span>
        <span
          className="major"
        >
          (
          MASTER
          )
        </span>
      </div>
      <div
        className="times"
      >
        <span>
          Sep, 2012
        </span>
        <span>
          -
        </span>
        <span>
          Jul, 2015
        </span>
      </div>
    </div>
  </section>
</div>
`;
