// Jest Snapshot v1, https://goo.gl/fbAQLP

exports[`renders Menus 1`] = `
<ul
  className="MuiList-root MuiList-padding css-h4y409-MuiList-root"
  onKeyDown={[Function]}
  role="menu"
  style={
    Object {
      "display": "flex",
      "flexWrap": "wrap",
    }
  }
  tabIndex={-1}
>
  <li
    className="MuiButtonBase-root MuiMenuItem-root MuiMenuItem-gutters MuiMenuItem-root MuiMenuItem-gutters css-kk1bwy-MuiButtonBase-root-MuiMenuItem-root"
    onBlur={[Function]}
    onContextMenu={[Function]}
    onDragLeave={[Function]}
    onFocus={[Function]}
    onKeyDown={[Function]}
    onKeyUp={[Function]}
    onMouseDown={[Function]}
    onMouseLeave={[Function]}
    onMouseUp={[Function]}
    onTouchEnd={[Function]}
    onTouchMove={[Function]}
    onTouchStart={[Function]}
    role="menuitem"
    tabIndex={0}
  >
    <button
      aria-haspopup="true"
      className="MuiButtonBase-root MuiButton-root MuiButton-text MuiButton-textPrimary MuiButton-sizeMedium MuiButton-textSizeMedium MuiButton-root MuiButton-text MuiButton-textPrimary MuiButton-sizeMedium MuiButton-textSizeMedium css-1e6y48t-MuiButtonBase-root-MuiButton-root"
      data-testid="select-language-btn"
      disabled={false}
      id="composition-button"
      onBlur={[Function]}
      onClick={[Function]}
      onContextMenu={[Function]}
      onDragLeave={[Function]}
      onFocus={[Function]}
      onKeyDown={[Function]}
      onKeyUp={[Function]}
      onMouseDown={[Function]}
      onMouseLeave={[Function]}
      onMouseUp={[Function]}
      onTouchEnd={[Function]}
      onTouchMove={[Function]}
      onTouchStart={[Function]}
      tabIndex={0}
      type="button"
    />
  </li>
  <li
    aria-disabled={true}
    className="MuiButtonBase-root MuiMenuItem-root Mui-disabled MuiMenuItem-gutters Mui-disabled MuiMenuItem-root Mui-disabled MuiMenuItem-gutters css-kk1bwy-MuiButtonBase-root-MuiMenuItem-root"
    onBlur={[Function]}
    onContextMenu={[Function]}
    onDragLeave={[Function]}
    onFocus={[Function]}
    onKeyDown={[Function]}
    onKeyUp={[Function]}
    onMouseDown={[Function]}
    onMouseLeave={[Function]}
    onMouseUp={[Function]}
    onTouchEnd={[Function]}
    onTouchMove={[Function]}
    onTouchStart={[Function]}
    role="menuitem"
    tabIndex={-1}
  >
    Download PDF
  </li>
  <li
    aria-disabled={true}
    className="MuiButtonBase-root MuiMenuItem-root Mui-disabled MuiMenuItem-gutters Mui-disabled MuiMenuItem-root Mui-disabled MuiMenuItem-gutters css-kk1bwy-MuiButtonBase-root-MuiMenuItem-root"
    onBlur={[Function]}
    onContextMenu={[Function]}
    onDragLeave={[Function]}
    onFocus={[Function]}
    onKeyDown={[Function]}
    onKeyUp={[Function]}
    onMouseDown={[Function]}
    onMouseLeave={[Function]}
    onMouseUp={[Function]}
    onTouchEnd={[Function]}
    onTouchMove={[Function]}
    onTouchStart={[Function]}
    role="menuitem"
    tabIndex={-1}
  >
    Import From LinkedIn
  </li>
  <li
    aria-disabled={true}
    className="MuiButtonBase-root MuiMenuItem-root Mui-disabled MuiMenuItem-gutters Mui-disabled MuiMenuItem-root Mui-disabled MuiMenuItem-gutters css-kk1bwy-MuiButtonBase-root-MuiMenuItem-root"
    onBlur={[Function]}
    onContextMenu={[Function]}
    onDragLeave={[Function]}
    onFocus={[Function]}
    onKeyDown={[Function]}
    onKeyUp={[Function]}
    onMouseDown={[Function]}
    onMouseLeave={[Function]}
    onMouseUp={[Function]}
    onTouchEnd={[Function]}
    onTouchMove={[Function]}
    onTouchStart={[Function]}
    role="menuitem"
    tabIndex={-1}
  >
    Themes
  </li>
</ul>
`;
